/workspace/boogu-matrix/vllm_omni/__init__.py:22: RuntimeWarning: Failed to import version from _version.py: No module named 'vllm_omni._version'
This typically happens in development mode before building.
Using fallback version 'dev'.
  from .version import __version__, __version_tuple__  # isort:skip # noqa: F401
W1009 15:00:59.826000 10851 torch/utils/_pytree.py:630] <enum 'KernelPreference'> is an Enum subclass and is now natively supported by torch.compile as an opaque value type. Calling register_constant() on Enum subclasses is deprecated and will be an error in a future release.
W1009 15:00:59.836000 10851 torch/utils/_pytree.py:630] <enum 'ScaleCalculationMode'> is an Enum subclass and is now natively supported by torch.compile as an opaque value type. Calling register_constant() on Enum subclasses is deprecated and will be an error in a future release.
!!!!!!! Segfault encountered !!!!!!!
  File "<unknown>", line 0, in _PyEval_EvalFrameDefault
  File "<unknown>", line 0, in PySequence_Tuple
  File "<unknown>", line 0, in _PyEval_EvalFrameDefault
  File "<unknown>", line 0, in _PyObject_FastCallDictTstate
  File "<unknown>", line 0, in _PyObject_MakeTpCall
  File "<unknown>", line 0, in PyObject_Vectorcall
  File "<unknown>", line 0, in _PyEval_EvalFrameDefault
  File "<unknown>", line 0, in PyEval_EvalCode
  File "<unknown>", line 0, in _PyEval_EvalFrameDefault
  File "<unknown>", line 0, in PyObject_CallMethodObjArgs
  File "<unknown>", line 0, in PyImport_ImportModuleLevelObject
  File "<unknown>", line 0, in _PyEval_EvalFrameDefault
  File "<unknown>", line 0, in PyEval_EvalCode
  File "<unknown>", line 0, in _PyEval_EvalFrameDefault
  File "<unknown>", line 0, in PyObject_CallMethodObjArgs
  File "<unknown>", line 0, in PyImport_ImportModuleLevelObject
  File "<unknown>", line 0, in _PyEval_EvalFrameDefault
  File "<unknown>", line 0, in PyEval_EvalCode
  File "<unknown>", line 0, in _PyEval_EvalFrameDefault
  File "<unknown>", line 0, in PyObject_CallMethodObjArgs
  File "<unknown>", line 0, in PyImport_ImportModuleLevelObject
  File "<unknown>", line 0, in _PyEval_EvalFrameDefault
  File "<unknown>", line 0, in PyObject_CallMethodObjArgs
  File "<unknown>", line 0, in PyImport_ImportModuleLevelObject
  File "<unknown>", line 0, in _PyEval_EvalFrameDefault
  File "<unknown>", line 0, in PyObject_CallMethodObjArgs
  File "<unknown>", line 0, in PyImport_ImportModuleLevelObject
  File "<unknown>", line 0, in _PyEval_EvalFrameDefault
  File "<unknown>", line 0, in PyEval_EvalCode
  File "<unknown>", line 0, in _PyEval_EvalFrameDefault
  File "<unknown>", line 0, in PyObject_CallMethodObjArgs
  File "<unknown>", line 0, in PyImport_ImportModuleLevelObject
  File "<unknown>", line 0, in _PyEval_EvalFrameDefault
  File "<unknown>", line 0, in PyObject_CallMethodObjArgs
  File "<unknown>", line 0, in PyImport_ImportModuleLevelObject
  File "<unknown>", line 0, in _PyEval_EvalFrameDefault
  File "<unknown>", line 0, in PyEval_EvalCode
  File "<unknown>", line 0, in _PyEval_EvalFrameDefault
  File "<unknown>", line 0, in PyObject_CallMethodObjArgs
  File "<unknown>", line 0, in PyImport_ImportModuleLevelObject
  File "<unknown>", line 0, in _PyEval_EvalFrameDefault
  File "<unknown>", line 0, in PyEval_EvalCode
  File "<unknown>", line 0, in _PyEval_EvalFrameDefault
  File "<unknown>", line 0, in PyObject_CallMethodObjArgs
  File "<unknown>", line 0, in PyImport_ImportModuleLevelObject
  File "<unknown>", line 0, in _PyEval_EvalFrameDefault
  File "<unknown>", line 0, in PyEval_EvalCode
  File "<unknown>", line 0, in _PyEval_EvalFrameDefault
  File "<unknown>", line 0, in PyObject_CallMethodObjArgs
  File "<unknown>", line 0, in PyImport_ImportModuleLevelObject
  File "<unknown>", line 0, in _PyEval_EvalFrameDefault
  File "<unknown>", line 0, in PyEval_EvalCode
  File "<unknown>", line 0, in _PyEval_EvalFrameDefault
  File "<unknown>", line 0, in PyObject_CallMethodObjArgs
  File "<unknown>", line 0, in PyImport_ImportModuleLevelObject
  File "<unknown>", line 0, in _PyEval_EvalFrameDefault
  File "<unknown>", line 0, in PyEval_EvalCode
  File "<unknown>", line 0, in _PyEval_EvalFrameDefault
  File "<unknown>", line 0, in PyObject_CallMethodObjArgs
  File "<unknown>", line 0, in PyImport_ImportModuleLevelObject
  File "<unknown>", line 0, in _PyEval_EvalFrameDefault
  File "<unknown>", line 0, in PyEval_EvalCode
  File "<unknown>", line 0, in _PyEval_EvalFrameDefault
  File "<unknown>", line 0, in PyObject_CallMethodObjArgs
  File "<unknown>", line 0, in PyImport_ImportModuleLevelObject
  File "<unknown>", line 0, in _PyEval_EvalFrameDefault
  File "<unknown>", line 0, in PyEval_EvalCode
  File "<unknown>", line 0, in _PyEval_EvalFrameDefault
  File "<unknown>", line 0, in PyObject_CallMethodObjArgs
  File "<unknown>", line 0, in PyImport_ImportModuleLevelObject
  File "<unknown>", line 0, in _PyEval_EvalFrameDefault
  File "<unknown>", line 0, in PyObject_CallMethodObjArgs
  File "<unknown>", line 0, in PyImport_ImportModuleLevelObject
  File "<unknown>", line 0, in _PyEval_EvalFrameDefault
  File "<unknown>", line 0, in PyObject_CallMethodObjArgs
  File "<unknown>", line 0, in PyImport_ImportModuleLevelObject
  File "<unknown>", line 0, in _PyEval_EvalFrameDefault
  File "<unknown>", line 0, in PyEval_EvalCode
  File "<unknown>", line 0, in _PyEval_EvalFrameDefault
  File "<unknown>", line 0, in PyObject_CallMethodObjArgs
  File "<unknown>", line 0, in PyImport_ImportModuleLevelObject
  File "<unknown>", line 0, in _PyEval_EvalFrameDefault
  File "<unknown>", line 0, in PyEval_EvalCode
  File "<unknown>", line 0, in _PyEval_EvalFrameDefault
  File "<unknown>", line 0, in PyObject_CallMethodObjArgs
  File "<unknown>", line 0, in PyImport_ImportModuleLevelObject
  File "<unknown>", line 0, in _PyEval_EvalFrameDefault
  File "<unknown>", line 0, in PyEval_EvalCode
  File "<unknown>", line 0, in _PyEval_EvalFrameDefault
  File "<unknown>", line 0, in PyObject_CallMethodObjArgs
  File "<unknown>", line 0, in PyImport_ImportModuleLevelObject
  File "<unknown>", line 0, in _PyEval_EvalFrameDefault
  File "<unknown>", line 0, in PyEval_EvalCode
  File "<unknown>", line 0, in _PyEval_EvalFrameDefault
  File "<unknown>", line 0, in PyObject_CallMethodObjArgs
  File "<unknown>", line 0, in PyImport_ImportModuleLevelObject
  File "<unknown>", line 0, in _PyEval_EvalFrameDefault
  File "<unknown>", line 0, in PyEval_EvalCode
  File "<unknown>", line 0, in _PyEval_EvalFrameDefault
  File "<unknown>", line 0, in PyObject_CallMethodObjArgs
  File "<unknown>", line 0, in PyImport_ImportModuleLevelObject
  File "<unknown>", line 0, in _PyEval_EvalFrameDefault
  File "<unknown>", line 0, in PyEval_EvalCode
  File "<unknown>", line 0, in _PyEval_EvalFrameDefault
  File "<unknown>", line 0, in PyObject_CallMethodObjArgs
  File "<unknown>", line 0, in PyImport_ImportModuleLevelObject
  File "<unknown>", line 0, in _PyEval_EvalFrameDefault
  File "<unknown>", line 0, in PyEval_EvalCode
  File "<unknown>", line 0, in _PyEval_EvalFrameDefault
  File "<unknown>", line 0, in PyObject_CallMethodObjArgs
  File "<unknown>", line 0, in PyImport_ImportModuleLevelObject
  File "<unknown>", line 0, in _PyEval_EvalFrameDefault
  File "<unknown>", line 0, in PyEval_EvalCode
  File "<unknown>", line 0, in _PyEval_EvalFrameDefault
  File "<unknown>", line 0, in PyObject_CallMethodObjArgs
  File "<unknown>", line 0, in PyImport_ImportModuleLevelObject
  File "<unknown>", line 0, in _PyEval_EvalFrameDefault
  File "<unknown>", line 0, in PyEval_EvalCode
  File "<unknown>", line 0, in _PyEval_EvalFrameDefault
  File "<unknown>", line 0, in PyObject_CallMethodObjArgs
  File "<unknown>", line 0, in PyImport_ImportModuleLevelObject
  File "<unknown>", line 0, in _PyEval_EvalFrameDefault
  File "<unknown>", line 0, in PyEval_EvalCode
  File "<unknown>", line 0, in _PyEval_EvalFrameDefault
  File "<unknown>", line 0, in PyObject_CallMethodObjArgs
  File "<unknown>", line 0, in PyImport_ImportModuleLevelObject
  File "<unknown>", line 0, in _PyEval_EvalFrameDefault
  File "<unknown>", line 0, in PyEval_EvalCode
  File "<unknown>", line 0, in _PyEval_EvalFrameDefault
  File "<unknown>", line 0, in PyObject_CallMethodObjArgs
  File "<unknown>", line 0, in PyImport_ImportModuleLevelObject
  File "<unknown>", line 0, in _PyEval_EvalFrameDefault
  File "<unknown>", line 0, in PyObject_CallMethodObjArgs
  File "<unknown>", line 0, in PyImport_ImportModuleLevelObject
  File "<unknown>", line 0, in _PyEval_EvalFrameDefault
  File "<unknown>", line 0, in PyEval_EvalCode
  File "<unknown>", line 0, in _PyEval_EvalFrameDefault
  File "<unknown>", line 0, in PyObject_CallMethodObjArgs
  File "<unknown>", line 0, in PyImport_ImportModuleLevelObject
  File "<unknown>", line 0, in _PyEval_EvalFrameDefault
  File "<unknown>", line 0, in PyObject_CallMethodObjArgs
  File "<unknown>", line 0, in PyImport_ImportModuleLevelObject
  File "<unknown>", line 0, in _PyEval_EvalFrameDefault
  File "<unknown>", line 0, in PyObject_CallMethodObjArgs
  File "<unknown>", line 0, in PyImport_ImportModuleLevelObject
  File "<unknown>", line 0, in _PyEval_EvalFrameDefault
  File "<unknown>", line 0, in PyObject_CallMethodObjArgs
  File "<unknown>", line 0, in PyImport_ImportModuleLevelObject
  File "<unknown>", line 0, in _PyEval_EvalFrameDefault
  File "<unknown>", line 0, in PyEval_EvalCode
  File "<unknown>", line 0, in _PyRun_SimpleFileObject
  File "<unknown>", line 0, in _PyRun_AnyFileObject
  File "<unknown>", line 0, in Py_RunMain
  File "<unknown>", line 0, in Py_BytesMain
  File "<unknown>", line 0, in _start
  File "<unknown>", line 0, in 0xffffffffffffffff

